hhjifbvsd gfnfhhfffg

hlo jaskaran




PS C:\Users\Jaskaran> f:
PS F:\> cd git
PS F:\git> cd .\GitWeb\
PS F:\git\GitWeb> git init
Reinitialized existing Git repository in F:/git/GitWeb/.git/
PS F:\git\GitWeb> git status
On branch master

No commits yet

Changes to be committed:
  (use "git rm --cached <file>..." to unstage)
        new file:   file/text2.txt
        new file:   newfile.txt
        new file:   textcopy.txt

PS F:\git\GitWeb> git add .
PS F:\git\GitWeb> git commit
hint: Waiting for your editor to close the file...
 [main 2020-09-11T14:04:19.655Z] update#setState idle
(node:6900) Electron: Loading non context-aware native modules in the renderer process is deprecated and will stop working at some point in the future, please see https://github.com/electron/electron/issues/18397 for more information
(node:6900) Electron: Loading non context-aware native modules in the renderer process is deprecated and will stop working at some point in the future, please see https://github.com/electron/electron/issues/18397 for more information
(node:6900) Electron: Loading non context-aware native modules in the renderer process is deprecated and will stop working at some point in the future, please see https://github.com/electron/electron/issues/18397 for more information
(node:6900) Electron: Loading non context-aware native modules in the renderer process is deprecated and will stop working at some point in the future, please see https://github.com/electron/electron/issues/18397 for more information
(node:8624) Electron: Loading non context-aware native modules in the renderer process is deprecated and will stop working at some point in the future, please see https://github.com/electron/electron/issues/18397 for more information
(node:8624) Electron: Loading non context-aware native modules in the renderer process is deprecated and will stop working at some point in the future, please see https://github.com/electron/electron/issues/18397 for more information
[main 2020-09-11T14:04:49.672Z] update#setState checking for updates
[master (root-commit) be40730] Initial commit i
 3 files changed, 191 insertions(+)
 create mode 100644 file/text2.txt
 create mode 100644 newfile.txt
 create mode 100644 textcopy.txt
PS F:\git\GitWeb> git log
commit be407302d7e1514fe6474b1641b310bc335ee97e (HEAD -> master)
Author: jaskaran <singhjaskaran762@gmail.com>
Date:   Fri Sep 11 19:34:10 2020 +0530

    Initial commit
    i
PS F:\git\GitWeb> git commit                                                                                            On branch master
nothing to commit, working tree clean
PS F:\git\GitWeb> git add .
PS F:\git\GitWeb> :wq
:wq : The term ':wq' is not recognized as the name of a cmdlet, function, script file, or operable program. Check the
spelling of the name, or if a path was included, verify that the path is correct and try again.
At line:1 char:1
+ :wq
+ ~~~
    + CategoryInfo          : ObjectNotFound: (:wq:String) [], CommandNotFoundException
    + FullyQualifiedErrorId : CommandNotFoundException

PS F:\git\GitWeb> git remote add origin https://github.com/Jaskaran762/gitlocal1.git
PS F:\git\GitWeb> git push origin master
Enumerating objects: 6, done.
Counting objects: 100% (6/6), done.
Delta compression using up to 4 threads
Compressing objects: 100% (3/3), done.
Writing objects: 100% (6/6), 1.89 KiB | 74.00 KiB/s, done.
Total 6 (delta 0), reused 0 (delta 0), pack-reused 0
To https://github.com/Jaskaran762/gitlocal1.git
 * [new branch]      master -> master
PS F:\git\GitWeb> cd..
PS F:\git> cd .\destination\
PS F:\git\destination> git clone https://github.com/Jaskaran762/gitlocal1.git
Cloning into 'gitlocal1'...
remote: Enumerating objects: 6, done.
remote: Counting objects: 100% (6/6), done.
remote: Compressing objects: 100% (3/3), done.
remote: Total 6 (delta 0), reused 6 (delta 0), pack-reused 0
Unpacking objects: 100% (6/6), 1.87 KiB | 6.00 KiB/s, done.
PS F:\git\destination> git status
fatal: not a git repository (or any of the parent directories): .git
PS F:\git\destination> git commit -am "code changed in newfile"
fatal: not a git repository (or any of the parent directories): .git
PS F:\git\destination> cd .\gitlocal1\
PS F:\git\destination\gitlocal1> git commit -am "code changed in newfile"
[master 925bef6] code changed in newfile
 1 file changed, 2 insertions(+)
PS F:\git\destination\gitlocal1> git push origin master
Enumerating objects: 5, done.
Counting objects: 100% (5/5), done.
Delta compression using up to 4 threads
Compressing objects: 100% (2/2), done.
Writing objects: 100% (3/3), 350 bytes | 350.00 KiB/s, done.
Total 3 (delta 0), reused 0 (delta 0), pack-reused 0
To https://github.com/Jaskaran762/gitlocal1.git
   be40730..925bef6  master -> master
PS F:\git\destination\gitlocal1>