Microsoft Windows [Version 10.0.18363.1016]
(c) 2019 Microsoft Corporation. All rights reserved.

C:\Users\Jaskaran>rebase --help
'rebase' is not recognized as an internal or external command,
operable program or batch file.

C:\Users\Jaskaran>f:

F:\>git
usage: git [--version] [--help] [-C <path>] [-c <name>=<value>]
           [--exec-path[=<path>]] [--html-path] [--man-path] [--info-path]
           [-p | --paginate | -P | --no-pager] [--no-replace-objects] [--bare]
           [--git-dir=<path>] [--work-tree=<path>] [--namespace=<name>]
           <command> [<args>]

These are common Git commands used in various situations:

start a working area (see also: git help tutorial)
   clone             Clone a repository into a new directory
   init              Create an empty Git repository or reinitialize an existing one

work on the current change (see also: git help everyday)
   add               Add file contents to the index
   mv                Move or rename a file, a directory, or a symlink
   restore           Restore working tree files
   rm                Remove files from the working tree and from the index
   sparse-checkout   Initialize and modify the sparse-checkout

examine the history and state (see also: git help revisions)
   bisect            Use binary search to find the commit that introduced a bug
   diff              Show changes between commits, commit and working tree, etc
   grep              Print lines matching a pattern
   log               Show commit logs
   show              Show various types of objects
   status            Show the working tree status

grow, mark and tweak your common history
   branch            List, create, or delete branches
   commit            Record changes to the repository
   merge             Join two or more development histories together
   rebase            Reapply commits on top of another base tip
   reset             Reset current HEAD to the specified state
   switch            Switch branches
   tag               Create, list, delete or verify a tag object signed with GPG

collaborate (see also: git help workflows)
   fetch             Download objects and refs from another repository
   pull              Fetch from and integrate with another repository or a local branch
   push              Update remote refs along with associated objects

'git help -a' and 'git help -g' list available subcommands and some
concept guides. See 'git help <command>' or 'git help <concept>'
to read about a specific subcommand or concept.
See 'git help git' for an overview of the system.

F:\>gitbash
'gitbash' is not recognized as an internal or external command,
operable program or batch file.

F:\>web
'web' is not recognized as an internal or external command,
operable program or batch file.

F:\>cd web

F:\Web>cd gitweb

F:\Web\GitWeb>git init
Initialized empty Git repository in F:/Web/GitWeb/.git/

F:\Web\GitWeb>git config --global user.name 'jaskaran'

F:\Web\GitWeb>git config --global user.email 'singhjaskaran762@gmail.com'

F:\Web\GitWeb>git status
On branch master

No commits yet

nothing to commit (create/copy files and use "git add" to track)

F:\Web\GitWeb>$ git status
'$' is not recognized as an internal or external command,
operable program or batch file.

F:\Web\GitWeb>git status
On branch master

No commits yet

nothing to commit (create/copy files and use "git add" to track)

F:\Web\GitWeb>git status
On branch master

No commits yet

nothing to commit (create/copy files and use "git add" to track)

F:\Web\GitWeb>git add .

F:\Web\GitWeb>git status
On branch master

No commits yet

nothing to commit (create/copy files and use "git add" to track)

F:\Web\GitWeb>git commit
On branch master

Initial commit

nothing to commit (create/copy files and use "git add" to track)

F:\Web\GitWeb>git add
Nothing specified, nothing added.
hint: Maybe you wanted to say 'git add .'?
hint: Turn this message off by running
hint: "git config advice.addEmptyPathspec false"

F:\Web\GitWeb>git add .

F:\Web\GitWeb>git add .

F:\Web\GitWeb>git status
On branch master

No commits yet

nothing to commit (create/copy files and use "git add" to track)

F:\Web\GitWeb>git commit
On branch master

Initial commit

nothing to commit (create/copy files and use "git add" to track)

F:\Web\GitWeb>i
'i' is not recognized as an internal or external command,
operable program or batch file.

F:\Web\GitWeb>git i

F:\Web\GitWeb>
F:\Web\GitWeb>git :wq
git: ':wq' is not a git command. See 'git --help'.

F:\Web\GitWeb>:wq
F:\Web\GitWeb>i :wq
'i' is not recognized as an internal or external command,
operable program or batch file.

F:\Web\GitWeb>git commit
On branch master

Initial commit

nothing to commit (create/copy files and use "git add" to track)

F:\Web\GitWeb>git status
On branch master

No commits yet

nothing to commit (create/copy files and use "git add" to track)

F:\Web\GitWeb>git add .

F:\Web\GitWeb>git commit
On branch master

Initial commit

nothing to commit (create/copy files and use "git add" to track)

F:\Web\GitWeb>git commit -am "git bash created"
On branch master

Initial commit

nothing to commit (create/copy files and use "git add" to track)

F:\Web\GitWeb>git log
fatal: your current branch 'master' does not have any commits yet

F:\Web\GitWeb>